Packing item Earring(stone=<Jewel.Pearl: 3>, type=<EarringType.Drop: 3>)
Jewellery Storage:
    Box:
        Ring Compartment: []
        Top Shelf:        [Earring(stone=<Jewel.Pearl: 3>, type=<EarringType.Drop: 3>)]
        Main Section:     []
    Tree:                 []
    Travel Roll:          []
    Safe:                 []
    On top of dresser:    []
