Packing item Necklace(stone=<Jewel.Amber: 4>, type=<NecklaceType.Beads: 1>)
Jewellery Storage:
    Box:
        Ring Compartment: []
        Top Shelf:        []
        Main Section:     []
    Tree:                 [Necklace(stone=<Jewel.Amber: 4>, type=<NecklaceType.Beads: 1>)]
    Travel Roll:          []
    Safe:                 []
    On top of dresser:    []
