Packing item Ring(stone=<Jewel.Amber: 4>)
Jewellery Storage:
    Box:
        Ring Compartment: [Ring(stone=<Jewel.Amber: 4>)]
        Top Shelf:        []
        Main Section:     []
    Tree:                 []
    Travel Roll:          []
    Safe:                 []
    On top of dresser:    []
