Packing item Earring(stone=<Jewel.Amber: 4>, type=<EarringType.Stud: 1>)
Jewellery Storage:
    Box:
        Ring Compartment: []
        Top Shelf:        [Earring(stone=<Jewel.Amber: 4>, type=<EarringType.Stud: 1>)]
        Main Section:     []
    Tree:                 []
    Travel Roll:          []
    Safe:                 []
    On top of dresser:    []
