Packing item Jewellery(stone=<Jewel.Plain: 1>)
Jewellery Storage:
    Box:
        Ring Compartment: []
        Top Shelf:        []
        Main Section:     []
    Tree:                 []
    Travel Roll:          []
    Safe:                 []
    On top of dresser:    [Jewellery(stone=<Jewel.Plain: 1>)]
