Packing item Ring(stone=<Jewel.Diamond: 2>) (is in travel roll)
Jewellery Storage:
    Box:
        Ring Compartment: [Ring(stone=<Jewel.Diamond: 2>)]
        Top Shelf:        []
        Main Section:     []
    Tree:                 []
    Travel Roll:          []
    Safe:                 []
    On top of dresser:    []
