Packing item Necklace(stone=<Jewel.Pearl: 3>, type=<NecklaceType.Beads: 1>) (is in travel roll)
Jewellery Storage:
    Box:
        Ring Compartment: []
        Top Shelf:        []
        Main Section:     []
    Tree:                 [Necklace(stone=<Jewel.Pearl: 3>, type=<NecklaceType.Beads: 1>)]
    Travel Roll:          []
    Safe:                 []
    On top of dresser:    []
