Packing item Earring { Stone = Amber, Type = Drop }
Jewellery Storage:
Box:
    Ring Compartment: 
    Top Shelf:        Earring { Stone = Amber, Type = Drop }
    Main Section:     
Tree:                 
Travel Roll:          
Safe:                 
On top of dresser:    
