Packing item Chain Necklace (Plain)
Box:
  Rings:      []
  Top:        [Chain Necklace (Plain)]
  Main:       []
Tree:         []
Travel Roll:  []
Safe:         []
Dresser Top:  []
