Packing item Drop Earring (Pearl)
Box:
  Rings:      []
  Top:        [Drop Earring (Pearl)]
  Main:       []
Tree:         []
Travel Roll:  []
Safe:         []
Dresser Top:  []
