Packing item Beads Necklace (Amber) (is in travel roll)
Box:
  Rings:      []
  Top:        []
  Main:       []
Tree:         [Beads Necklace (Amber)]
Travel Roll:  []
Safe:         []
Dresser Top:  []
