{
  "box": {
    "mainSection": [],
    "ringCompartment": [],
    "topShelf": [
      {
        "kind": "Earring",
        "stone": "Diamond",
        "type": "Stud"
      }
    ]
  },
  "dresserTop": [],
  "safe": [],
  "travelRoll": [],
  "tree": []
}
