Packing item Pendant Necklace (chain: Beads Necklace (Plain), pendant: Pendant (Pearl)) (is in travel roll)
Box:
  Rings:      []
  Top:        [Pendant (Pearl)]
  Main:       []
Tree:         [Beads Necklace (Plain)]
Travel Roll:  []
Safe:         []
Dresser Top:  []
