{
  "box": {
    "mainSection": [],
    "ringCompartment": [],
    "topShelf": [
      {
        "kind": "Necklace",
        "stone": "Plain",
        "type": "Chain"
      }
    ]
  },
  "dresserTop": [],
  "safe": [],
  "travelRoll": [],
  "tree": []
}
