Packing item Ring (Diamond)
Box:
  Rings:      []
  Top:        []
  Main:       []
Tree:         []
Travel Roll:  []
Safe:         [Ring (Diamond)]
Dresser Top:  []
