{
  "box": {
    "mainSection": [],
    "ringCompartment": [],
    "topShelf": []
  },
  "dresserTop": [],
  "safe": [],
  "travelRoll": [],
  "tree": [
    {
      "kind": "Necklace",
      "stone": "Plain",
      "type": "LongChain"
    }
  ]
}
