{
  "box": {
    "mainSection": [],
    "ringCompartment": [],
    "topShelf": [
      {
        "kind": "Pendant",
        "stone": "Diamond"
      }
    ]
  },
  "dresserTop": [],
  "safe": [],
  "travelRoll": [],
  "tree": [
    {
      "kind": "Necklace",
      "stone": "Plain",
      "type": "LongChain"
    }
  ]
}
