{
  "box": {
    "mainSection": [],
    "ringCompartment": [],
    "topShelf": []
  },
  "dresserTop": [],
  "safe": [
    {
      "kind": "Earring",
      "stone": "Diamond",
      "type": "Stud"
    }
  ],
  "travelRoll": [],
  "tree": []
}
