Packing item Stud Earring (Diamond)
Box:
  Rings:      []
  Top:        []
  Main:       []
Tree:         []
Travel Roll:  []
Safe:         [Stud Earring (Diamond)]
Dresser Top:  []
